Program
  VarDecl name=hp mutable=True type=i32
    IntLiteral value=0
  If
    condition: BinaryExpr op=EQ checked=False
      left: Ident name=hp
      right: IntLiteral value=0
    then: Block
      Assign name=hp
        IntLiteral value=100
    else: Block
      Assign name=hp
        IntLiteral value=1
